// Jest Snapshot v1, https://goo.gl/fbAQLP

exports[`Testing the navigation component 1`] = `
<section
  className="navigation d-flex border navigation-bar"
>
  <div
    className="navigation__hn-logo mx-1 d-flex align-self-center cursor"
  >
    <img
      alt="Y"
      className="hacker-news-logo"
      src="/src/assets/images/hnlogo.gif"
    />
  </div>
  <div
    className="navigation__hn-name d-flex align-items-center mx-1 cursor"
  >
    <p
      className="text-capitalize hacker-news-name mb-0"
    >
      Hacker News
    </p>
  </div>
  <div
    className="navigation__tabs d-flex"
  >
    <p
      className="mb-0 mx-1 cursor"
    >
      new |
    </p>
    <p
      className="mb-0 mx-1 cursor"
    >
      comments |
    </p>
    <p
      className="mb-0 mx-1 cursor"
    >
      show |
    </p>
    <p
      className="mb-0 mx-1 cursor"
    >
      ask |
    </p>
    <p
      className="mb-0 mx-1 cursor"
    >
      jobs
    </p>
  </div>
</section>
`;
